CLEAR MAP  ('.' = clear wall, '#' = subject or dressing)
   ....................#########..#
   .................####.......#..#
   .................#####......#..#
   .................#######.####..#
   ..............##########...##..#
   ..............#######.#######...
   .............#########.##.###...
   .............######.#########..#
   .............######..#......#..#
   .............#####.####........#
   ..............########.........#
   .............#########........##
   .............############.###.##
   .............######...#######.##
   ...........#######....#######..#
   ..........###..#####..########.#
   .........###...######..#######.#
   ........###......#.......#####.#

  primary    x    0-780   y    0-840    luma  104.5  detail   1.1  -> light
  secondary  x    0-480   y  840-1080   luma   87.2  detail   1.1  -> light
  tertiary   x 1740-1860  y    0-660    luma  147.6  detail   2.8  -> lightReinforced

  heroTypeZone -> primary
wrote graphics-build/zones.json
zones exit 0
